// Jest Snapshot v1, https://jestjs.io/docs/snapshot-testing

exports[`Reporting renders correctly 1`] = `
<DocumentFragment>
  <div
    class="css-1lqntaz"
  >
    <div
      class="MuiBox-root css-a57597"
    >
      <div
        class="MuiStepper-root MuiStepper-horizontal MuiStepper-alternativeLabel css-149z4i0-MuiStepper-root"
      >
        <div
          class="MuiStep-root MuiStep-horizontal MuiStep-alternativeLabel css-144tjfk-MuiStep-root"
        >
          <span
            class="MuiStepLabel-root MuiStepLabel-horizontal MuiStepLabel-alternativeLabel css-3yr9gi-MuiStepLabel-root"
          >
            <span
              class="MuiStepLabel-iconContainer Mui-active MuiStepLabel-alternativeLabel css-1b2ju2j-MuiStepLabel-iconContainer"
            >
              <svg
                aria-hidden="true"
                class="MuiSvgIcon-root MuiSvgIcon-fontSizeMedium MuiStepIcon-root Mui-active css-3hpdci-MuiSvgIcon-root-MuiStepIcon-root"
                focusable="false"
                viewBox="0 0 24 24"
              >
                <circle
                  cx="12"
                  cy="12"
                  r="12"
                />
                <text
                  class="MuiStepIcon-text css-1g86afo-MuiStepIcon-text"
                  dominant-baseline="central"
                  text-anchor="middle"
                  x="12"
                  y="12"
                >
                  1
                </text>
              </svg>
            </span>
            <span
              class="MuiStepLabel-labelContainer MuiStepLabel-alternativeLabel css-p8xe3-MuiStepLabel-labelContainer"
            >
              <span
                class="MuiStepLabel-label Mui-active MuiStepLabel-alternativeLabel css-12eb3rq-MuiStepLabel-label"
              >
                Home
              </span>
            </span>
          </span>
        </div>
        <div
          class="MuiStep-root MuiStep-horizontal MuiStep-alternativeLabel css-144tjfk-MuiStep-root"
        >
          <div
            class="MuiStepConnector-root MuiStepConnector-horizontal MuiStepConnector-alternativeLabel Mui-disabled css-1k81fv-MuiStepConnector-root"
          >
            <span
              class="MuiStepConnector-line MuiStepConnector-lineHorizontal css-14ncu80-MuiStepConnector-line"
            />
          </div>
          <span
            class="MuiStepLabel-root MuiStepLabel-horizontal Mui-disabled MuiStepLabel-alternativeLabel css-3yr9gi-MuiStepLabel-root"
          >
            <span
              class="MuiStepLabel-iconContainer Mui-disabled MuiStepLabel-alternativeLabel css-1b2ju2j-MuiStepLabel-iconContainer"
            >
              <svg
                aria-hidden="true"
                class="MuiSvgIcon-root MuiSvgIcon-fontSizeMedium MuiStepIcon-root css-3hpdci-MuiSvgIcon-root-MuiStepIcon-root"
                focusable="false"
                viewBox="0 0 24 24"
              >
                <circle
                  cx="12"
                  cy="12"
                  r="12"
                />
                <text
                  class="MuiStepIcon-text css-1g86afo-MuiStepIcon-text"
                  dominant-baseline="central"
                  text-anchor="middle"
                  x="12"
                  y="12"
                >
                  2
                </text>
              </svg>
            </span>
            <span
              class="MuiStepLabel-labelContainer MuiStepLabel-alternativeLabel css-p8xe3-MuiStepLabel-labelContainer"
            >
              <span
                class="MuiStepLabel-label Mui-disabled MuiStepLabel-alternativeLabel css-12eb3rq-MuiStepLabel-label"
              >
                Farm Information
              </span>
            </span>
          </span>
        </div>
      </div>
    </div>
    <div
      class="css-1xllnsb"
    >
      Nutrient Management Calculator
    </div>
    <div
      class="css-114zsuk"
    >
      Reporting
    </div>
    <div
      class="MuiGrid-root MuiGrid-container MuiGrid-direction-xs-row css-12w8ukd-MuiGrid-root"
    >
      <div
        style="border: 1px solid rgb(200, 18, 18); width: 100%;"
      >
        The following materials are not stored:
        <ul>
          <li>
             - Manure
          </li>
        </ul>
      </div>
    </div>
    <div
      class="MuiGrid-root MuiGrid-container MuiGrid-direction-xs-row MuiGrid-spacing-xs-2 css-k3sf5e-MuiGrid-root"
    >
      <div
        class="MuiGrid-root MuiGrid-direction-xs-row MuiGrid-grid-xs-4 css-1mv03i7-MuiGrid-root"
      >
        <div
          class="css-1cajglm"
        >
          PDFs (Opens a new file)
        </div>
        <div
          class="css-1kch9dj"
        >
          <div
            aria-label="A group of buttons"
            class="bcds-ButtonGroup vertical center"
            role="group"
          >
            <button
              class="bcds-react-aria-Button medium primary  "
              data-rac=""
              data-react-aria-pressable="true"
              id="react-aria-«r0»"
              tabindex="0"
              type="button"
            >
              <div
                style="width: 100%; text-align: center;"
              >
                Complete report
              </div>
            </button>
            <button
              class="bcds-react-aria-Button medium primary  "
              data-rac=""
              data-react-aria-pressable="true"
              id="react-aria-«r2»"
              tabindex="0"
              type="button"
            >
              Record keeping sheets
            </button>
          </div>
        </div>
      </div>
      <div
        class="MuiGrid-root MuiGrid-direction-xs-row MuiGrid-grid-xs-8 css-4b690w-MuiGrid-root"
      >
        <div
          class="css-1cajglm"
        >
          NMP data file
        </div>
        <div>
          To continue later, Download file to your computer
        </div>
        <div>
          Load a file on the Home page when you want to continue
        </div>
        <div>
          <button
            class="bcds-react-aria-Button medium primary  "
            data-rac=""
            data-react-aria-pressable="true"
            id="react-aria-«r4»"
            tabindex="0"
            type="button"
          >
            Download file
          </button>
        </div>
      </div>
    </div>
    <div
      class="css-6ef4m3"
    >
      <div
        aria-label="A group of buttons"
        class="bcds-ButtonGroup horizontal start"
        role="group"
      >
        <button
          class="bcds-react-aria-Button medium secondary  "
          data-rac=""
          data-react-aria-pressable="true"
          id="react-aria-«r6»"
          tabindex="0"
          type="button"
        >
          Back
        </button>
        <button
          class="bcds-react-aria-Button medium primary  "
          data-rac=""
          data-react-aria-pressable="true"
          id="react-aria-«r8»"
          tabindex="0"
          type="button"
        >
          Finish
        </button>
      </div>
    </div>
  </div>
</DocumentFragment>
`;
