// Jest Snapshot v1, https://jestjs.io/docs/snapshot-testing

exports[`SoilTests is correct 1`] = `
<DocumentFragment>
  <div
    class="css-1lqntaz"
  >
    <div
      class="MuiBox-root css-a57597"
    >
      <div
        class="MuiStepper-root MuiStepper-horizontal MuiStepper-alternativeLabel css-149z4i0-MuiStepper-root"
      >
        <div
          class="MuiStep-root MuiStep-horizontal MuiStep-alternativeLabel css-144tjfk-MuiStep-root"
        >
          <span
            class="MuiStepLabel-root MuiStepLabel-horizontal MuiStepLabel-alternativeLabel css-3yr9gi-MuiStepLabel-root"
          >
            <span
              class="MuiStepLabel-iconContainer Mui-active MuiStepLabel-alternativeLabel css-1b2ju2j-MuiStepLabel-iconContainer"
            >
              <svg
                aria-hidden="true"
                class="MuiSvgIcon-root MuiSvgIcon-fontSizeMedium MuiStepIcon-root Mui-active css-3hpdci-MuiSvgIcon-root-MuiStepIcon-root"
                focusable="false"
                viewBox="0 0 24 24"
              >
                <circle
                  cx="12"
                  cy="12"
                  r="12"
                />
                <text
                  class="MuiStepIcon-text css-1g86afo-MuiStepIcon-text"
                  dominant-baseline="central"
                  text-anchor="middle"
                  x="12"
                  y="12"
                >
                  1
                </text>
              </svg>
            </span>
            <span
              class="MuiStepLabel-labelContainer MuiStepLabel-alternativeLabel css-p8xe3-MuiStepLabel-labelContainer"
            >
              <span
                class="MuiStepLabel-label Mui-active MuiStepLabel-alternativeLabel css-12eb3rq-MuiStepLabel-label"
              >
                Home
              </span>
            </span>
          </span>
        </div>
        <div
          class="MuiStep-root MuiStep-horizontal MuiStep-alternativeLabel css-144tjfk-MuiStep-root"
        >
          <div
            class="MuiStepConnector-root MuiStepConnector-horizontal MuiStepConnector-alternativeLabel Mui-disabled css-1k81fv-MuiStepConnector-root"
          >
            <span
              class="MuiStepConnector-line MuiStepConnector-lineHorizontal css-14ncu80-MuiStepConnector-line"
            />
          </div>
          <span
            class="MuiStepLabel-root MuiStepLabel-horizontal Mui-disabled MuiStepLabel-alternativeLabel css-3yr9gi-MuiStepLabel-root"
          >
            <span
              class="MuiStepLabel-iconContainer Mui-disabled MuiStepLabel-alternativeLabel css-1b2ju2j-MuiStepLabel-iconContainer"
            >
              <svg
                aria-hidden="true"
                class="MuiSvgIcon-root MuiSvgIcon-fontSizeMedium MuiStepIcon-root css-3hpdci-MuiSvgIcon-root-MuiStepIcon-root"
                focusable="false"
                viewBox="0 0 24 24"
              >
                <circle
                  cx="12"
                  cy="12"
                  r="12"
                />
                <text
                  class="MuiStepIcon-text css-1g86afo-MuiStepIcon-text"
                  dominant-baseline="central"
                  text-anchor="middle"
                  x="12"
                  y="12"
                >
                  2
                </text>
              </svg>
            </span>
            <span
              class="MuiStepLabel-labelContainer MuiStepLabel-alternativeLabel css-p8xe3-MuiStepLabel-labelContainer"
            >
              <span
                class="MuiStepLabel-label Mui-disabled MuiStepLabel-alternativeLabel css-12eb3rq-MuiStepLabel-label"
              >
                Farm Information
              </span>
            </span>
          </span>
        </div>
      </div>
    </div>
    <div
      class="css-1xllnsb"
    >
      Nutrient Management Calculator
    </div>
    <div
      class="css-114zsuk"
    >
      Field Information
    </div>
    <div
      class="MuiBox-root css-8atqhb"
    >
      <div
        class="MuiBox-root css-0"
      >
        <div
          class="MuiTabs-root css-jhczcq-MuiTabs-root"
        >
          <div
            class="MuiTabs-scroller MuiTabs-fixed css-s2t35c-MuiTabs-scroller"
            style="overflow: hidden; margin-bottom: 0px;"
          >
            <div
              aria-label="tab"
              class="MuiTabs-list MuiTabs-flexContainer css-hzcega-MuiTabs-list"
              role="tablist"
            >
              <button
                aria-selected="false"
                class="MuiButtonBase-root MuiTab-root MuiTab-textColorPrimary css-1usuzwp-MuiButtonBase-root-MuiTab-root"
                role="tab"
                tabindex="-1"
                type="button"
              >
                Field List
              </button>
              <button
                aria-selected="true"
                class="MuiButtonBase-root MuiTab-root MuiTab-textColorPrimary Mui-selected css-1usuzwp-MuiButtonBase-root-MuiTab-root"
                role="tab"
                tabindex="0"
                type="button"
              >
                Soil Tests
              </button>
              <button
                aria-selected="false"
                class="MuiButtonBase-root MuiTab-root MuiTab-textColorPrimary css-1usuzwp-MuiButtonBase-root-MuiTab-root"
                role="tab"
                tabindex="-1"
                type="button"
              >
                Crops
              </button>
            </div>
            <span
              class="MuiTabs-indicator css-1qltlow-MuiTabs-indicator"
              style="left: 0px; width: 0px;"
            />
          </div>
        </div>
      </div>
    </div>
    <div
      class="css-e1fill"
    >
      Do you have soil test from within the past 3 years?
      <ul>
        <li>
          Yes - Select the lab used (soil test methods)
        </li>
        <li>
          No - Click Next
        </li>
      </ul>
      <span>
        For fields without a soil test, very high soil P and K fertility and a pH of 6.0 will be assumed. Crop P and K requirements will be 0 on fields.
      </span>
      <br />
      <span>
        Results will not be accurate without a soil test.
      </span>
    </div>
    <div
      class="MuiGrid-root MuiGrid-container MuiGrid-direction-xs-row MuiGrid-spacing-xs-2 css-zjhuaj-MuiGrid-root"
    >
      <div
        class="MuiGrid-root MuiGrid-direction-xs-row MuiGrid-grid-xs-12 MuiGrid-grid-md-6 css-zik520-MuiGrid-root"
      >
        <template
          data-react-aria-hidden="true"
        />
        <div
          class="bcds-react-aria-Select"
          data-rac=""
        >
          <button
            aria-expanded="false"
            aria-haspopup="listbox"
            aria-label="Select the lab used (soil test methods)"
            aria-labelledby="react-aria-«r7» react-aria-«r2»"
            class="bcds-react-aria-Select--Button medium false"
            data-rac=""
            data-react-aria-pressable="true"
            id="react-aria-«r2»"
            tabindex="0"
            type="button"
          >
            <span
              class="bcds-react-aria-SelectValue"
              data-placeholder="true"
              data-rac=""
              id="react-aria-«r7»"
            >
              Select an item
            </span>
            <svg
              fill="none"
              height="20"
              id="chevron-down-icon"
              viewBox="0 0 20 20"
              width="20"
              xmlns="http://www.w3.org/2000/svg"
            >
              <path
                d="M15.7882 9.15569L10.4858 14.236C10.3192 14.3748 10.1527 14.4303 10.0139 14.4303C9.84731 14.4303 9.68074 14.3748 9.54194 14.2637L4.21182 9.15569C3.9342 8.90584 3.9342 8.46167 4.18405 8.21182C4.4339 7.9342 4.87808 7.9342 5.12793 8.18405L10.0139 12.8479L14.872 8.18405C15.1219 7.9342 15.5661 7.9342 15.8159 8.21182C16.0658 8.46167 16.0658 8.90584 15.7882 9.15569Z"
                fill="currentColor"
              />
            </svg>
          </button>
          <div
            aria-hidden="true"
            data-a11y-ignore="aria-hidden-focus"
            data-react-aria-prevent-focus="true"
            data-testid="hidden-select-container"
            style="border: 0px; clip-path: inset(50%); height: 1px; margin: -1px; overflow: hidden; padding: 0px; position: fixed; width: 1px; white-space: nowrap; top: 0px; left: 0px;"
          >
            <label>
              <select
                tabindex="-1"
                title=""
              >
                <option />
              </select>
            </label>
          </div>
        </div>
      </div>
    </div>
    <div
      class="css-6ef4m3"
    >
      <div
        aria-label="A group of buttons"
        class="bcds-ButtonGroup horizontal start"
        role="group"
      >
        <button
          class="bcds-react-aria-Button medium secondary  "
          data-rac=""
          data-react-aria-pressable="true"
          id="react-aria-«ra»"
          tabindex="0"
          type="button"
        >
          Back
        </button>
        <button
          class="bcds-react-aria-Button medium primary  "
          data-rac=""
          data-react-aria-pressable="true"
          id="react-aria-«rc»"
          tabindex="0"
          type="button"
        >
          Next
        </button>
      </div>
    </div>
  </div>
</DocumentFragment>
`;

exports[`SoilTestsModal is correct 1`] = `
<body>
  <div
    aria-hidden="true"
  />
  <span
    aria-hidden="true"
    data-focus-scope-start="true"
    hidden=""
  />
  <div
    class="react-aria-ModalOverlay"
    data-rac=""
    style="--visual-viewport-height: 768px; --page-height: 0px;"
  >
    <div
      class="bcds-react-aria-Modal"
      data-rac=""
      style="overflow: scroll;"
    >
      <div
        style="border: 0px; clip-path: inset(50%); height: 1px; margin: -1px; overflow: hidden; padding: 0px; position: absolute; width: 1px; white-space: nowrap;"
      >
        <button
          aria-label="Dismiss"
          id="react-aria-«re»"
          style="width: 1px; height: 1px;"
          tabindex="-1"
        />
      </div>
      <section
        aria-label="Add Field"
        class="bcds-react-aria-Dialog"
        data-rac=""
        role="dialog"
        tabindex="-1"
      >
        <div
          class="bcds-react-aria-Dialog--Container"
        >
          <span
            class="bcds-react-aria-Dialog--closeIcon"
          >
            <button
              aria-label="Close"
              class="bcds-react-aria-Button small tertiary  icon"
              data-rac=""
              data-react-aria-pressable="true"
              id="react-aria-«rg»"
              tabindex="0"
              type="button"
            >
              <svg
                height="20"
                id="close-icon"
                viewBox="0 0 20 20"
                width="20"
                xmlns="http://www.w3.org/2000/svg"
              >
                <g>
                  <path
                    d="M16 5.21286L14.7871 4L10 8.78714L5.21286 4L4 5.21286L8.78714 10L4 14.7871L5.21286 16L10 11.2129L14.7871 16L16 14.7871L11.2129 10L16 5.21286Z"
                    fill="currentColor"
                  />
                </g>
              </svg>
            </button>
          </span>
          <div
            style="padding: 1rem;"
          >
            <span
              style="font-weight: 700; font-size: 1.25rem;"
            >
              Add Field
            </span>
            <div
              aria-hidden="true"
              aria-orientation="horizontal"
              class="MuiDivider-root MuiDivider-fullWidth css-1unhl2k-MuiDivider-root"
              role="separator"
            />
            <form
              class="css-omuth8"
              id="modal-form"
            >
              <div
                class="css-f9r2q6"
              >
                Enter values expressed in ppm or mg/kg. Do not enter results from soil samples taken deeper than 6 inches (15cm).
              </div>
              <div
                class="MuiGrid-root MuiGrid-container MuiGrid-direction-xs-row MuiGrid-spacing-xs-1 css-1yvsbrk-MuiGrid-root"
              >
                <div
                  class="MuiGrid-root MuiGrid-direction-xs-row MuiGrid-grid-xs-12 MuiGrid-grid-md-6 css-204a8q-MuiGrid-root"
                >
                  <span
                    class="bcds-react-aria-Select--Label"
                  >
                    Sample Month
                  </span>
                  <div
                    class="css-bjkyaj"
                  >
                    <div
                      class="css-1xaxyeb"
                    >
                      <div
                        class="react-datepicker-wrapper monthPicker"
                      >
                        <div
                          class="react-datepicker__input-container"
                        >
                          <input
                            class=""
                            form="modal-form"
                            required=""
                            type="text"
                            value=""
                          />
                        </div>
                      </div>
                    </div>
                  </div>
                </div>
                <div
                  class="MuiGrid-root MuiGrid-direction-xs-row MuiGrid-grid-xs-12 MuiGrid-grid-md-6 css-204a8q-MuiGrid-root"
                >
                  <div
                    class="bcds-react-aria-NumberField"
                    data-rac=""
                    data-required="true"
                  >
                    <label
                      class="bcds-react-aria-NumberField--Label"
                      for="react-aria-«rj»"
                      id="react-aria-«rl»"
                    >
                      NO₃-N (ppm), nitrate-nitrogen
                      <span
                        class="bcds-react-aria-NumberField--Label"
                      >
                         (required)
                      </span>
                    </label>
                    <div
                      class="bcds-react-aria-NumberField--container medium"
                    >
                      <input
                        aria-labelledby="react-aria-«rl»"
                        aria-roledescription="Number field"
                        autocomplete="off"
                        autocorrect="off"
                        class="bcds-react-aria-NumberField--Input css-8atqhb"
                        data-rac=""
                        id="react-aria-«rj»"
                        inputmode="numeric"
                        required=""
                        spellcheck="false"
                        tabindex="0"
                        title=""
                        type="text"
                        value=""
                      />
                    </div>
                  </div>
                </div>
                <div
                  class="MuiGrid-root MuiGrid-direction-xs-row MuiGrid-grid-xs-12 MuiGrid-grid-md-6 css-204a8q-MuiGrid-root"
                >
                  <div
                    class="bcds-react-aria-NumberField"
                    data-rac=""
                    data-required="true"
                  >
                    <label
                      class="bcds-react-aria-NumberField--Label"
                      for="react-aria-«rr»"
                      id="react-aria-«rt»"
                    >
                      P (ppm), phosphorous
                      <span
                        class="bcds-react-aria-NumberField--Label"
                      >
                         (required)
                      </span>
                    </label>
                    <div
                      class="bcds-react-aria-NumberField--container medium"
                    >
                      <input
                        aria-labelledby="react-aria-«rt»"
                        aria-roledescription="Number field"
                        autocomplete="off"
                        autocorrect="off"
                        class="bcds-react-aria-NumberField--Input css-8atqhb"
                        data-rac=""
                        id="react-aria-«rr»"
                        inputmode="numeric"
                        required=""
                        spellcheck="false"
                        tabindex="0"
                        title=""
                        type="text"
                        value=""
                      />
                    </div>
                  </div>
                </div>
                <div
                  class="MuiGrid-root MuiGrid-direction-xs-row MuiGrid-grid-xs-12 MuiGrid-grid-md-6 css-204a8q-MuiGrid-root"
                >
                  <div
                    class="bcds-react-aria-NumberField"
                    data-rac=""
                    data-required="true"
                  >
                    <label
                      class="bcds-react-aria-NumberField--Label"
                      for="react-aria-«r13»"
                      id="react-aria-«r15»"
                    >
                      K (ppm), potassium
                      <span
                        class="bcds-react-aria-NumberField--Label"
                      >
                         (required)
                      </span>
                    </label>
                    <div
                      class="bcds-react-aria-NumberField--container medium"
                    >
                      <input
                        aria-labelledby="react-aria-«r15»"
                        aria-roledescription="Number field"
                        autocomplete="off"
                        autocorrect="off"
                        class="bcds-react-aria-NumberField--Input css-8atqhb"
                        data-rac=""
                        id="react-aria-«r13»"
                        inputmode="numeric"
                        required=""
                        spellcheck="false"
                        tabindex="0"
                        title=""
                        type="text"
                        value=""
                      />
                    </div>
                  </div>
                </div>
                <div
                  class="MuiGrid-root MuiGrid-direction-xs-row MuiGrid-grid-xs-12 MuiGrid-grid-md-6 css-204a8q-MuiGrid-root"
                >
                  <div
                    class="bcds-react-aria-NumberField"
                    data-rac=""
                    data-required="true"
                  >
                    <label
                      class="bcds-react-aria-NumberField--Label"
                      for="react-aria-«r1b»"
                      id="react-aria-«r1d»"
                    >
                      pH
                      <span
                        class="bcds-react-aria-NumberField--Label"
                      >
                         (required)
                      </span>
                    </label>
                    <div
                      class="bcds-react-aria-NumberField--container medium"
                    >
                      <input
                        aria-labelledby="react-aria-«r1d»"
                        aria-roledescription="Number field"
                        autocomplete="off"
                        autocorrect="off"
                        class="bcds-react-aria-NumberField--Input css-8atqhb"
                        data-rac=""
                        id="react-aria-«r1b»"
                        inputmode="numeric"
                        required=""
                        spellcheck="false"
                        tabindex="0"
                        title=""
                        type="text"
                        value=""
                      />
                    </div>
                  </div>
                </div>
              </div>
              <div
                aria-hidden="true"
                aria-orientation="horizontal"
                class="MuiDivider-root MuiDivider-fullWidth css-hwu4zo-MuiDivider-root"
                role="separator"
              />
              <div
                class="bcds-ButtonGroup horizontal end"
                role="group"
              >
                <button
                  class="bcds-react-aria-Button medium secondary  "
                  data-rac=""
                  data-react-aria-pressable="true"
                  id="react-aria-«r1j»"
                  tabindex="0"
                  type="button"
                >
                  Cancel
                </button>
                <button
                  class="bcds-react-aria-Button medium primary  "
                  data-rac=""
                  data-react-aria-pressable="true"
                  id="react-aria-«r1l»"
                  tabindex="0"
                  type="submit"
                >
                  Confirm
                </button>
              </div>
            </form>
          </div>
        </div>
      </section>
    </div>
  </div>
  <span
    aria-hidden="true"
    data-focus-scope-end="true"
    hidden=""
  />
</body>
`;
